
> advance-ingredients-website@0.1.0 start
> next start

  ▲ Next.js 14.2.35
  - Local:        http://localhost:3000

 ✓ Starting...
 ✓ Ready in 595ms
 ⚠ For production Image Optimization with Next.js, the optional 'sharp' package is strongly recommended. Run 'npm i sharp', and Next.js will use it automatically for Image Optimization.
Read more: https://nextjs.org/docs/messages/sharp-missing-in-production
Error: Failed to find Server Action "x". This request might be from an older or newer deployment. 
    at r$ (/home/ubuntu/AIAG/Advance_Ingredients_AG/node_modules/next/dist/compiled/next-server/app-page.runtime.prod.js:17:1667)
    at rE (/home/ubuntu/AIAG/Advance_Ingredients_AG/node_modules/next/dist/compiled/next-server/app-page.runtime.prod.js:15:6522)
    at no (/home/ubuntu/AIAG/Advance_Ingredients_AG/node_modules/next/dist/compiled/next-server/app-page.runtime.prod.js:19:1150)
    at /home/ubuntu/AIAG/Advance_Ingredients_AG/node_modules/next/dist/compiled/next-server/app-page.runtime.prod.js:20:726
    at AsyncLocalStorage.run (node:internal/async_local_storage/async_hooks:91:14)
    at Object.wrap (/home/ubuntu/AIAG/Advance_Ingredients_AG/node_modules/next/dist/compiled/next-server/app-page.runtime.prod.js:13:17831)
    at /home/ubuntu/AIAG/Advance_Ingredients_AG/node_modules/next/dist/compiled/next-server/app-page.runtime.prod.js:20:616
    at AsyncLocalStorage.run (node:internal/async_local_storage/async_hooks:91:14)
    at Object.wrap (/home/ubuntu/AIAG/Advance_Ingredients_AG/node_modules/next/dist/compiled/next-server/app-page.runtime.prod.js:13:16935)
    at ni (/home/ubuntu/AIAG/Advance_Ingredients_AG/node_modules/next/dist/compiled/next-server/app-page.runtime.prod.js:20:543)
Error: Failed to find Server Action "x". This request might be from an older or newer deployment. 
    at r$ (/home/ubuntu/AIAG/Advance_Ingredients_AG/node_modules/next/dist/compiled/next-server/app-page.runtime.prod.js:17:1667)
    at rE (/home/ubuntu/AIAG/Advance_Ingredients_AG/node_modules/next/dist/compiled/next-server/app-page.runtime.prod.js:15:6522)
    at no (/home/ubuntu/AIAG/Advance_Ingredients_AG/node_modules/next/dist/compiled/next-server/app-page.runtime.prod.js:19:1150)
    at /home/ubuntu/AIAG/Advance_Ingredients_AG/node_modules/next/dist/compiled/next-server/app-page.runtime.prod.js:20:726
    at AsyncLocalStorage.run (node:internal/async_local_storage/async_hooks:91:14)
    at Object.wrap (/home/ubuntu/AIAG/Advance_Ingredients_AG/node_modules/next/dist/compiled/next-server/app-page.runtime.prod.js:13:17831)
    at /home/ubuntu/AIAG/Advance_Ingredients_AG/node_modules/next/dist/compiled/next-server/app-page.runtime.prod.js:20:616
    at AsyncLocalStorage.run (node:internal/async_local_storage/async_hooks:91:14)
    at Object.wrap (/home/ubuntu/AIAG/Advance_Ingredients_AG/node_modules/next/dist/compiled/next-server/app-page.runtime.prod.js:13:16935)
    at ni (/home/ubuntu/AIAG/Advance_Ingredients_AG/node_modules/next/dist/compiled/next-server/app-page.runtime.prod.js:20:543)
Error: Failed to find Server Action "x". This request might be from an older or newer deployment. 
    at r$ (/home/ubuntu/AIAG/Advance_Ingredients_AG/node_modules/next/dist/compiled/next-server/app-page.runtime.prod.js:17:1667)
    at rE (/home/ubuntu/AIAG/Advance_Ingredients_AG/node_modules/next/dist/compiled/next-server/app-page.runtime.prod.js:15:6522)
    at no (/home/ubuntu/AIAG/Advance_Ingredients_AG/node_modules/next/dist/compiled/next-server/app-page.runtime.prod.js:19:1150)
    at /home/ubuntu/AIAG/Advance_Ingredients_AG/node_modules/next/dist/compiled/next-server/app-page.runtime.prod.js:20:726
    at AsyncLocalStorage.run (node:internal/async_local_storage/async_hooks:91:14)
    at Object.wrap (/home/ubuntu/AIAG/Advance_Ingredients_AG/node_modules/next/dist/compiled/next-server/app-page.runtime.prod.js:13:17831)
    at /home/ubuntu/AIAG/Advance_Ingredients_AG/node_modules/next/dist/compiled/next-server/app-page.runtime.prod.js:20:616
    at AsyncLocalStorage.run (node:internal/async_local_storage/async_hooks:91:14)
    at Object.wrap (/home/ubuntu/AIAG/Advance_Ingredients_AG/node_modules/next/dist/compiled/next-server/app-page.runtime.prod.js:13:16935)
    at ni (/home/ubuntu/AIAG/Advance_Ingredients_AG/node_modules/next/dist/compiled/next-server/app-page.runtime.prod.js:20:543)
Error: Failed to find Server Action "x". This request might be from an older or newer deployment. 
    at r$ (/home/ubuntu/AIAG/Advance_Ingredients_AG/node_modules/next/dist/compiled/next-server/app-page.runtime.prod.js:17:1667)
    at rE (/home/ubuntu/AIAG/Advance_Ingredients_AG/node_modules/next/dist/compiled/next-server/app-page.runtime.prod.js:15:6522)
    at no (/home/ubuntu/AIAG/Advance_Ingredients_AG/node_modules/next/dist/compiled/next-server/app-page.runtime.prod.js:19:1150)
    at /home/ubuntu/AIAG/Advance_Ingredients_AG/node_modules/next/dist/compiled/next-server/app-page.runtime.prod.js:20:726
    at AsyncLocalStorage.run (node:internal/async_local_storage/async_hooks:91:14)
    at Object.wrap (/home/ubuntu/AIAG/Advance_Ingredients_AG/node_modules/next/dist/compiled/next-server/app-page.runtime.prod.js:13:17831)
    at /home/ubuntu/AIAG/Advance_Ingredients_AG/node_modules/next/dist/compiled/next-server/app-page.runtime.prod.js:20:616
    at AsyncLocalStorage.run (node:internal/async_local_storage/async_hooks:91:14)
    at Object.wrap (/home/ubuntu/AIAG/Advance_Ingredients_AG/node_modules/next/dist/compiled/next-server/app-page.runtime.prod.js:13:16935)
    at ni (/home/ubuntu/AIAG/Advance_Ingredients_AG/node_modules/next/dist/compiled/next-server/app-page.runtime.prod.js:20:543)
Error: Failed to find Server Action "x". This request might be from an older or newer deployment. 
    at r$ (/home/ubuntu/AIAG/Advance_Ingredients_AG/node_modules/next/dist/compiled/next-server/app-page.runtime.prod.js:17:1667)
    at rE (/home/ubuntu/AIAG/Advance_Ingredients_AG/node_modules/next/dist/compiled/next-server/app-page.runtime.prod.js:15:6522)
    at no (/home/ubuntu/AIAG/Advance_Ingredients_AG/node_modules/next/dist/compiled/next-server/app-page.runtime.prod.js:19:1150)
    at /home/ubuntu/AIAG/Advance_Ingredients_AG/node_modules/next/dist/compiled/next-server/app-page.runtime.prod.js:20:726
    at AsyncLocalStorage.run (node:internal/async_local_storage/async_hooks:91:14)
    at Object.wrap (/home/ubuntu/AIAG/Advance_Ingredients_AG/node_modules/next/dist/compiled/next-server/app-page.runtime.prod.js:13:17831)
    at /home/ubuntu/AIAG/Advance_Ingredients_AG/node_modules/next/dist/compiled/next-server/app-page.runtime.prod.js:20:616
    at AsyncLocalStorage.run (node:internal/async_local_storage/async_hooks:91:14)
    at Object.wrap (/home/ubuntu/AIAG/Advance_Ingredients_AG/node_modules/next/dist/compiled/next-server/app-page.runtime.prod.js:13:16935)
    at ni (/home/ubuntu/AIAG/Advance_Ingredients_AG/node_modules/next/dist/compiled/next-server/app-page.runtime.prod.js:20:543)
Error: Failed to find Server Action "x". This request might be from an older or newer deployment. 
    at r$ (/home/ubuntu/AIAG/Advance_Ingredients_AG/node_modules/next/dist/compiled/next-server/app-page.runtime.prod.js:17:1667)
    at rE (/home/ubuntu/AIAG/Advance_Ingredients_AG/node_modules/next/dist/compiled/next-server/app-page.runtime.prod.js:15:6522)
    at no (/home/ubuntu/AIAG/Advance_Ingredients_AG/node_modules/next/dist/compiled/next-server/app-page.runtime.prod.js:19:1150)
    at /home/ubuntu/AIAG/Advance_Ingredients_AG/node_modules/next/dist/compiled/next-server/app-page.runtime.prod.js:20:726
    at AsyncLocalStorage.run (node:internal/async_local_storage/async_hooks:91:14)
    at Object.wrap (/home/ubuntu/AIAG/Advance_Ingredients_AG/node_modules/next/dist/compiled/next-server/app-page.runtime.prod.js:13:17831)
    at /home/ubuntu/AIAG/Advance_Ingredients_AG/node_modules/next/dist/compiled/next-server/app-page.runtime.prod.js:20:616
    at AsyncLocalStorage.run (node:internal/async_local_storage/async_hooks:91:14)
    at Object.wrap (/home/ubuntu/AIAG/Advance_Ingredients_AG/node_modules/next/dist/compiled/next-server/app-page.runtime.prod.js:13:16935)
    at ni (/home/ubuntu/AIAG/Advance_Ingredients_AG/node_modules/next/dist/compiled/next-server/app-page.runtime.prod.js:20:543)
Error: Failed to find Server Action "x". This request might be from an older or newer deployment. 
    at r$ (/home/ubuntu/AIAG/Advance_Ingredients_AG/node_modules/next/dist/compiled/next-server/app-page.runtime.prod.js:17:1667)
    at rE (/home/ubuntu/AIAG/Advance_Ingredients_AG/node_modules/next/dist/compiled/next-server/app-page.runtime.prod.js:15:6522)
    at no (/home/ubuntu/AIAG/Advance_Ingredients_AG/node_modules/next/dist/compiled/next-server/app-page.runtime.prod.js:19:1150)
    at /home/ubuntu/AIAG/Advance_Ingredients_AG/node_modules/next/dist/compiled/next-server/app-page.runtime.prod.js:20:726
    at AsyncLocalStorage.run (node:internal/async_local_storage/async_hooks:91:14)
    at Object.wrap (/home/ubuntu/AIAG/Advance_Ingredients_AG/node_modules/next/dist/compiled/next-server/app-page.runtime.prod.js:13:17831)
    at /home/ubuntu/AIAG/Advance_Ingredients_AG/node_modules/next/dist/compiled/next-server/app-page.runtime.prod.js:20:616
    at AsyncLocalStorage.run (node:internal/async_local_storage/async_hooks:91:14)
    at Object.wrap (/home/ubuntu/AIAG/Advance_Ingredients_AG/node_modules/next/dist/compiled/next-server/app-page.runtime.prod.js:13:16935)
    at ni (/home/ubuntu/AIAG/Advance_Ingredients_AG/node_modules/next/dist/compiled/next-server/app-page.runtime.prod.js:20:543)
Error: Failed to find Server Action "x". This request might be from an older or newer deployment. 
    at r$ (/home/ubuntu/AIAG/Advance_Ingredients_AG/node_modules/next/dist/compiled/next-server/app-page.runtime.prod.js:17:1667)
    at rE (/home/ubuntu/AIAG/Advance_Ingredients_AG/node_modules/next/dist/compiled/next-server/app-page.runtime.prod.js:15:6522)
    at no (/home/ubuntu/AIAG/Advance_Ingredients_AG/node_modules/next/dist/compiled/next-server/app-page.runtime.prod.js:19:1150)
    at /home/ubuntu/AIAG/Advance_Ingredients_AG/node_modules/next/dist/compiled/next-server/app-page.runtime.prod.js:20:726
    at AsyncLocalStorage.run (node:internal/async_local_storage/async_hooks:91:14)
    at Object.wrap (/home/ubuntu/AIAG/Advance_Ingredients_AG/node_modules/next/dist/compiled/next-server/app-page.runtime.prod.js:13:17831)
    at /home/ubuntu/AIAG/Advance_Ingredients_AG/node_modules/next/dist/compiled/next-server/app-page.runtime.prod.js:20:616
    at AsyncLocalStorage.run (node:internal/async_local_storage/async_hooks:91:14)
    at Object.wrap (/home/ubuntu/AIAG/Advance_Ingredients_AG/node_modules/next/dist/compiled/next-server/app-page.runtime.prod.js:13:16935)
    at ni (/home/ubuntu/AIAG/Advance_Ingredients_AG/node_modules/next/dist/compiled/next-server/app-page.runtime.prod.js:20:543)
Error: Failed to find Server Action "x". This request might be from an older or newer deployment. 
    at r$ (/home/ubuntu/AIAG/Advance_Ingredients_AG/node_modules/next/dist/compiled/next-server/app-page.runtime.prod.js:17:1667)
    at rE (/home/ubuntu/AIAG/Advance_Ingredients_AG/node_modules/next/dist/compiled/next-server/app-page.runtime.prod.js:15:6522)
    at no (/home/ubuntu/AIAG/Advance_Ingredients_AG/node_modules/next/dist/compiled/next-server/app-page.runtime.prod.js:19:1150)
    at /home/ubuntu/AIAG/Advance_Ingredients_AG/node_modules/next/dist/compiled/next-server/app-page.runtime.prod.js:20:726
    at AsyncLocalStorage.run (node:internal/async_local_storage/async_hooks:91:14)
    at Object.wrap (/home/ubuntu/AIAG/Advance_Ingredients_AG/node_modules/next/dist/compiled/next-server/app-page.runtime.prod.js:13:17831)
    at /home/ubuntu/AIAG/Advance_Ingredients_AG/node_modules/next/dist/compiled/next-server/app-page.runtime.prod.js:20:616
    at AsyncLocalStorage.run (node:internal/async_local_storage/async_hooks:91:14)
    at Object.wrap (/home/ubuntu/AIAG/Advance_Ingredients_AG/node_modules/next/dist/compiled/next-server/app-page.runtime.prod.js:13:16935)
    at ni (/home/ubuntu/AIAG/Advance_Ingredients_AG/node_modules/next/dist/compiled/next-server/app-page.runtime.prod.js:20:543)
Error: Failed to find Server Action "x". This request might be from an older or newer deployment. 
    at r$ (/home/ubuntu/AIAG/Advance_Ingredients_AG/node_modules/next/dist/compiled/next-server/app-page.runtime.prod.js:17:1667)
    at rE (/home/ubuntu/AIAG/Advance_Ingredients_AG/node_modules/next/dist/compiled/next-server/app-page.runtime.prod.js:15:6522)
    at no (/home/ubuntu/AIAG/Advance_Ingredients_AG/node_modules/next/dist/compiled/next-server/app-page.runtime.prod.js:19:1150)
    at /home/ubuntu/AIAG/Advance_Ingredients_AG/node_modules/next/dist/compiled/next-server/app-page.runtime.prod.js:20:726
    at AsyncLocalStorage.run (node:internal/async_local_storage/async_hooks:91:14)
    at Object.wrap (/home/ubuntu/AIAG/Advance_Ingredients_AG/node_modules/next/dist/compiled/next-server/app-page.runtime.prod.js:13:17831)
    at /home/ubuntu/AIAG/Advance_Ingredients_AG/node_modules/next/dist/compiled/next-server/app-page.runtime.prod.js:20:616
    at AsyncLocalStorage.run (node:internal/async_local_storage/async_hooks:91:14)
    at Object.wrap (/home/ubuntu/AIAG/Advance_Ingredients_AG/node_modules/next/dist/compiled/next-server/app-page.runtime.prod.js:13:16935)
    at ni (/home/ubuntu/AIAG/Advance_Ingredients_AG/node_modules/next/dist/compiled/next-server/app-page.runtime.prod.js:20:543)
Error: Failed to find Server Action "x". This request might be from an older or newer deployment. 
    at r$ (/home/ubuntu/AIAG/Advance_Ingredients_AG/node_modules/next/dist/compiled/next-server/app-page.runtime.prod.js:17:1667)
    at rE (/home/ubuntu/AIAG/Advance_Ingredients_AG/node_modules/next/dist/compiled/next-server/app-page.runtime.prod.js:15:6522)
    at no (/home/ubuntu/AIAG/Advance_Ingredients_AG/node_modules/next/dist/compiled/next-server/app-page.runtime.prod.js:19:1150)
    at /home/ubuntu/AIAG/Advance_Ingredients_AG/node_modules/next/dist/compiled/next-server/app-page.runtime.prod.js:20:726
    at AsyncLocalStorage.run (node:internal/async_local_storage/async_hooks:91:14)
    at Object.wrap (/home/ubuntu/AIAG/Advance_Ingredients_AG/node_modules/next/dist/compiled/next-server/app-page.runtime.prod.js:13:17831)
    at /home/ubuntu/AIAG/Advance_Ingredients_AG/node_modules/next/dist/compiled/next-server/app-page.runtime.prod.js:20:616
    at AsyncLocalStorage.run (node:internal/async_local_storage/async_hooks:91:14)
    at Object.wrap (/home/ubuntu/AIAG/Advance_Ingredients_AG/node_modules/next/dist/compiled/next-server/app-page.runtime.prod.js:13:16935)
    at ni (/home/ubuntu/AIAG/Advance_Ingredients_AG/node_modules/next/dist/compiled/next-server/app-page.runtime.prod.js:20:543)
Error: Failed to find Server Action "x". This request might be from an older or newer deployment. 
    at r$ (/home/ubuntu/AIAG/Advance_Ingredients_AG/node_modules/next/dist/compiled/next-server/app-page.runtime.prod.js:17:1667)
    at rE (/home/ubuntu/AIAG/Advance_Ingredients_AG/node_modules/next/dist/compiled/next-server/app-page.runtime.prod.js:15:6522)
    at no (/home/ubuntu/AIAG/Advance_Ingredients_AG/node_modules/next/dist/compiled/next-server/app-page.runtime.prod.js:19:1150)
    at /home/ubuntu/AIAG/Advance_Ingredients_AG/node_modules/next/dist/compiled/next-server/app-page.runtime.prod.js:20:726
    at AsyncLocalStorage.run (node:internal/async_local_storage/async_hooks:91:14)
    at Object.wrap (/home/ubuntu/AIAG/Advance_Ingredients_AG/node_modules/next/dist/compiled/next-server/app-page.runtime.prod.js:13:17831)
    at /home/ubuntu/AIAG/Advance_Ingredients_AG/node_modules/next/dist/compiled/next-server/app-page.runtime.prod.js:20:616
    at AsyncLocalStorage.run (node:internal/async_local_storage/async_hooks:91:14)
    at Object.wrap (/home/ubuntu/AIAG/Advance_Ingredients_AG/node_modules/next/dist/compiled/next-server/app-page.runtime.prod.js:13:16935)
    at ni (/home/ubuntu/AIAG/Advance_Ingredients_AG/node_modules/next/dist/compiled/next-server/app-page.runtime.prod.js:20:543)
Error: Failed to find Server Action "x". This request might be from an older or newer deployment. 
    at r$ (/home/ubuntu/AIAG/Advance_Ingredients_AG/node_modules/next/dist/compiled/next-server/app-page.runtime.prod.js:17:1667)
    at rE (/home/ubuntu/AIAG/Advance_Ingredients_AG/node_modules/next/dist/compiled/next-server/app-page.runtime.prod.js:15:6522)
    at no (/home/ubuntu/AIAG/Advance_Ingredients_AG/node_modules/next/dist/compiled/next-server/app-page.runtime.prod.js:19:1150)
    at /home/ubuntu/AIAG/Advance_Ingredients_AG/node_modules/next/dist/compiled/next-server/app-page.runtime.prod.js:20:726
    at AsyncLocalStorage.run (node:internal/async_local_storage/async_hooks:91:14)
    at Object.wrap (/home/ubuntu/AIAG/Advance_Ingredients_AG/node_modules/next/dist/compiled/next-server/app-page.runtime.prod.js:13:17831)
    at /home/ubuntu/AIAG/Advance_Ingredients_AG/node_modules/next/dist/compiled/next-server/app-page.runtime.prod.js:20:616
    at AsyncLocalStorage.run (node:internal/async_local_storage/async_hooks:91:14)
    at Object.wrap (/home/ubuntu/AIAG/Advance_Ingredients_AG/node_modules/next/dist/compiled/next-server/app-page.runtime.prod.js:13:16935)
    at ni (/home/ubuntu/AIAG/Advance_Ingredients_AG/node_modules/next/dist/compiled/next-server/app-page.runtime.prod.js:20:543)
Error: Failed to find Server Action "x". This request might be from an older or newer deployment. 
    at r$ (/home/ubuntu/AIAG/Advance_Ingredients_AG/node_modules/next/dist/compiled/next-server/app-page.runtime.prod.js:17:1667)
    at rE (/home/ubuntu/AIAG/Advance_Ingredients_AG/node_modules/next/dist/compiled/next-server/app-page.runtime.prod.js:15:6522)
    at no (/home/ubuntu/AIAG/Advance_Ingredients_AG/node_modules/next/dist/compiled/next-server/app-page.runtime.prod.js:19:1150)
    at /home/ubuntu/AIAG/Advance_Ingredients_AG/node_modules/next/dist/compiled/next-server/app-page.runtime.prod.js:20:726
    at AsyncLocalStorage.run (node:internal/async_local_storage/async_hooks:91:14)
    at Object.wrap (/home/ubuntu/AIAG/Advance_Ingredients_AG/node_modules/next/dist/compiled/next-server/app-page.runtime.prod.js:13:17831)
    at /home/ubuntu/AIAG/Advance_Ingredients_AG/node_modules/next/dist/compiled/next-server/app-page.runtime.prod.js:20:616
    at AsyncLocalStorage.run (node:internal/async_local_storage/async_hooks:91:14)
    at Object.wrap (/home/ubuntu/AIAG/Advance_Ingredients_AG/node_modules/next/dist/compiled/next-server/app-page.runtime.prod.js:13:16935)
    at ni (/home/ubuntu/AIAG/Advance_Ingredients_AG/node_modules/next/dist/compiled/next-server/app-page.runtime.prod.js:20:543)
Error: Failed to find Server Action "x". This request might be from an older or newer deployment. 
    at r$ (/home/ubuntu/AIAG/Advance_Ingredients_AG/node_modules/next/dist/compiled/next-server/app-page.runtime.prod.js:17:1667)
    at rE (/home/ubuntu/AIAG/Advance_Ingredients_AG/node_modules/next/dist/compiled/next-server/app-page.runtime.prod.js:15:6522)
    at no (/home/ubuntu/AIAG/Advance_Ingredients_AG/node_modules/next/dist/compiled/next-server/app-page.runtime.prod.js:19:1150)
    at /home/ubuntu/AIAG/Advance_Ingredients_AG/node_modules/next/dist/compiled/next-server/app-page.runtime.prod.js:20:726
    at AsyncLocalStorage.run (node:internal/async_local_storage/async_hooks:91:14)
    at Object.wrap (/home/ubuntu/AIAG/Advance_Ingredients_AG/node_modules/next/dist/compiled/next-server/app-page.runtime.prod.js:13:17831)
    at /home/ubuntu/AIAG/Advance_Ingredients_AG/node_modules/next/dist/compiled/next-server/app-page.runtime.prod.js:20:616
    at AsyncLocalStorage.run (node:internal/async_local_storage/async_hooks:91:14)
    at Object.wrap (/home/ubuntu/AIAG/Advance_Ingredients_AG/node_modules/next/dist/compiled/next-server/app-page.runtime.prod.js:13:16935)
    at ni (/home/ubuntu/AIAG/Advance_Ingredients_AG/node_modules/next/dist/compiled/next-server/app-page.runtime.prod.js:20:543)
Error: Failed to find Server Action "x". This request might be from an older or newer deployment. 
    at r$ (/home/ubuntu/AIAG/Advance_Ingredients_AG/node_modules/next/dist/compiled/next-server/app-page.runtime.prod.js:17:1667)
    at rE (/home/ubuntu/AIAG/Advance_Ingredients_AG/node_modules/next/dist/compiled/next-server/app-page.runtime.prod.js:15:6522)
    at no (/home/ubuntu/AIAG/Advance_Ingredients_AG/node_modules/next/dist/compiled/next-server/app-page.runtime.prod.js:19:1150)
    at /home/ubuntu/AIAG/Advance_Ingredients_AG/node_modules/next/dist/compiled/next-server/app-page.runtime.prod.js:20:726
    at AsyncLocalStorage.run (node:internal/async_local_storage/async_hooks:91:14)
    at Object.wrap (/home/ubuntu/AIAG/Advance_Ingredients_AG/node_modules/next/dist/compiled/next-server/app-page.runtime.prod.js:13:17831)
    at /home/ubuntu/AIAG/Advance_Ingredients_AG/node_modules/next/dist/compiled/next-server/app-page.runtime.prod.js:20:616
    at AsyncLocalStorage.run (node:internal/async_local_storage/async_hooks:91:14)
    at Object.wrap (/home/ubuntu/AIAG/Advance_Ingredients_AG/node_modules/next/dist/compiled/next-server/app-page.runtime.prod.js:13:16935)
    at ni (/home/ubuntu/AIAG/Advance_Ingredients_AG/node_modules/next/dist/compiled/next-server/app-page.runtime.prod.js:20:543)
Error: Failed to find Server Action "x". This request might be from an older or newer deployment. 
    at r$ (/home/ubuntu/AIAG/Advance_Ingredients_AG/node_modules/next/dist/compiled/next-server/app-page.runtime.prod.js:17:1667)
    at rE (/home/ubuntu/AIAG/Advance_Ingredients_AG/node_modules/next/dist/compiled/next-server/app-page.runtime.prod.js:15:6522)
    at no (/home/ubuntu/AIAG/Advance_Ingredients_AG/node_modules/next/dist/compiled/next-server/app-page.runtime.prod.js:19:1150)
    at /home/ubuntu/AIAG/Advance_Ingredients_AG/node_modules/next/dist/compiled/next-server/app-page.runtime.prod.js:20:726
    at AsyncLocalStorage.run (node:internal/async_local_storage/async_hooks:91:14)
    at Object.wrap (/home/ubuntu/AIAG/Advance_Ingredients_AG/node_modules/next/dist/compiled/next-server/app-page.runtime.prod.js:13:17831)
    at /home/ubuntu/AIAG/Advance_Ingredients_AG/node_modules/next/dist/compiled/next-server/app-page.runtime.prod.js:20:616
    at AsyncLocalStorage.run (node:internal/async_local_storage/async_hooks:91:14)
    at Object.wrap (/home/ubuntu/AIAG/Advance_Ingredients_AG/node_modules/next/dist/compiled/next-server/app-page.runtime.prod.js:13:16935)
    at ni (/home/ubuntu/AIAG/Advance_Ingredients_AG/node_modules/next/dist/compiled/next-server/app-page.runtime.prod.js:20:543)
Error: Failed to find Server Action "x". This request might be from an older or newer deployment. 
    at r$ (/home/ubuntu/AIAG/Advance_Ingredients_AG/node_modules/next/dist/compiled/next-server/app-page.runtime.prod.js:17:1667)
    at rE (/home/ubuntu/AIAG/Advance_Ingredients_AG/node_modules/next/dist/compiled/next-server/app-page.runtime.prod.js:15:6522)
    at no (/home/ubuntu/AIAG/Advance_Ingredients_AG/node_modules/next/dist/compiled/next-server/app-page.runtime.prod.js:19:1150)
    at /home/ubuntu/AIAG/Advance_Ingredients_AG/node_modules/next/dist/compiled/next-server/app-page.runtime.prod.js:20:726
    at AsyncLocalStorage.run (node:internal/async_local_storage/async_hooks:91:14)
    at Object.wrap (/home/ubuntu/AIAG/Advance_Ingredients_AG/node_modules/next/dist/compiled/next-server/app-page.runtime.prod.js:13:17831)
    at /home/ubuntu/AIAG/Advance_Ingredients_AG/node_modules/next/dist/compiled/next-server/app-page.runtime.prod.js:20:616
    at AsyncLocalStorage.run (node:internal/async_local_storage/async_hooks:91:14)
    at Object.wrap (/home/ubuntu/AIAG/Advance_Ingredients_AG/node_modules/next/dist/compiled/next-server/app-page.runtime.prod.js:13:16935)
    at ni (/home/ubuntu/AIAG/Advance_Ingredients_AG/node_modules/next/dist/compiled/next-server/app-page.runtime.prod.js:20:543)
Error: Failed to find Server Action "x". This request might be from an older or newer deployment. 
    at r$ (/home/ubuntu/AIAG/Advance_Ingredients_AG/node_modules/next/dist/compiled/next-server/app-page.runtime.prod.js:17:1667)
    at rE (/home/ubuntu/AIAG/Advance_Ingredients_AG/node_modules/next/dist/compiled/next-server/app-page.runtime.prod.js:15:6522)
    at no (/home/ubuntu/AIAG/Advance_Ingredients_AG/node_modules/next/dist/compiled/next-server/app-page.runtime.prod.js:19:1150)
    at /home/ubuntu/AIAG/Advance_Ingredients_AG/node_modules/next/dist/compiled/next-server/app-page.runtime.prod.js:20:726
    at AsyncLocalStorage.run (node:internal/async_local_storage/async_hooks:91:14)
    at Object.wrap (/home/ubuntu/AIAG/Advance_Ingredients_AG/node_modules/next/dist/compiled/next-server/app-page.runtime.prod.js:13:17831)
    at /home/ubuntu/AIAG/Advance_Ingredients_AG/node_modules/next/dist/compiled/next-server/app-page.runtime.prod.js:20:616
    at AsyncLocalStorage.run (node:internal/async_local_storage/async_hooks:91:14)
    at Object.wrap (/home/ubuntu/AIAG/Advance_Ingredients_AG/node_modules/next/dist/compiled/next-server/app-page.runtime.prod.js:13:16935)
    at ni (/home/ubuntu/AIAG/Advance_Ingredients_AG/node_modules/next/dist/compiled/next-server/app-page.runtime.prod.js:20:543)
Killed
